// Jest Snapshot v1, https://goo.gl/fbAQLP

exports[`FlashMessage it should render 1`] = `null`;
