// Jest Snapshot v1, https://goo.gl/fbAQLP

exports[`ContactUs renders some content 1`] = `
<div>
  <div
    className="position-relative overflow-hidden p-2 p-md-5 m-md-3 text-center bd-text-purple-bright"
  >
    <div
      className="col-md-5 p-lg-5 mx-auto my-5"
    >
      <h1
        className="display-4"
      >
        Punny headline
      </h1>
      <p
        className="lead"
      >
        And an even wittier subheading to boot. Jumpstart your marketing efforts with this example based on Apple's marketing pages.
      </p>
      <a
        className="btn btn-lg btn-outline-secondary"
        href="/"
      >
        Coming soon
      </a>
    </div>
  </div>
</div>
`;
