// Jest Snapshot v1, https://goo.gl/fbAQLP

exports[`Footer renders a footer 1`] = `
<footer
  className="bg-gray-lighter text-secondary mt-auto py-3"
>
  <hr />
  <div
    className="container font-weight-light"
  >
    <div
      className="row py-3"
    >
      <div
        className="col-sm-8"
      >
        <h4>
          About Us
        </h4>
        <p
          className="my-2"
        >
          We support the digital journey of employees, data, software, and infrastructure to cloud-native technologies.
        </p>
      </div>
      <div
        className="col-sm-4"
      >
        <h4>
          Links
        </h4>
        <ul
          className="list-unstyled"
        >
          <li>
            <a
              aria-current={null}
              className={undefined}
              href="/contact"
              onClick={[Function]}
              style={undefined}
            >
              Contact Us
            </a>
          </li>
          <li>
            <a
              aria-current={null}
              className={undefined}
              href="/privacy"
              onClick={[Function]}
              style={undefined}
            >
              Privacy
            </a>
          </li>
          <li>
            <a
              aria-current={null}
              className={undefined}
              href="/terms"
              onClick={[Function]}
              style={undefined}
            >
              Terms of Use
            </a>
          </li>
        </ul>
      </div>
    </div>
    <div
      className="row"
    >
      <div
        className="col-sm-8"
      >
        <p
          className="small"
        >
          Copyright Â© 
          2018
           Verite Data Science, LLC, all rights reserved.
        </p>
      </div>
    </div>
  </div>
</footer>
`;
