// Jest Snapshot v1, https://goo.gl/fbAQLP

exports[`NavBar renders 1`] = `
<DocumentFragment>
  <nav
    class="navbar fixed-top navbar-expand-sm navbar-light bg-light"
  >
    <div
      class="container"
    >
      <a
        aria-current="page"
        class="navbar-brand"
        href="/"
      >
        <img
          alt=""
          class="d-inline-block align-top"
          height="30"
          src="logo.png"
          width="30"
        />
         Verite Data Science
      </a>
      <button
        aria-label="Toggle navigation"
        class="navbar-toggler collapsed"
        type="button"
      >
        <span
          class="navbar-toggler-icon"
        />
      </button>
      <div
        class="navbar-collapse collapse"
      >
        <a
          class="nav-link"
          href="/about"
        >
          About
        </a>
        <a
          class="nav-link"
          href="/contact"
        >
          Contact
        </a>
      </div>
    </div>
  </nav>
</DocumentFragment>
`;
