// Jest Snapshot v1, https://goo.gl/fbAQLP

exports[`useMediaQuery it should render 1`] = `<span />`;
