// Jest Snapshot v1, https://goo.gl/fbAQLP

exports[`NavBarNew it should render small 1`] = `
<DocumentFragment>
  <nav
    class="navbar fixed-top navbar-expand-sm navbar-light bg-light"
  >
    <div
      class="container"
    >
      <a
        class="navbar-brand"
        href="/"
      >
        <img
          alt=""
          class="d-inline-block align-top"
          height="30"
          src="logo.png"
          width="30"
        />
         Verite Data Science
      </a>
      <div
        class="navbar-collapse collapse"
      >
        <div
          class="mx-auto"
        />
        <a
          class="nav-link"
          href="/about"
        >
          About
        </a>
        <a
          class="nav-link"
          href="/contact"
        >
          Contact
        </a>
      </div>
    </div>
  </nav>
</DocumentFragment>
`;

exports[`NavBarNew renders 1`] = `
<DocumentFragment>
  <nav
    class="navbar fixed-top navbar-expand-sm navbar-light bg-light"
  >
    <div
      class="container"
    >
      <a
        class="navbar-brand"
        href="/"
      >
        <img
          alt=""
          class="d-inline-block align-top"
          height="30"
          src="logo.png"
          width="30"
        />
         Verite Data Science
      </a>
      <div
        class="navbar-collapse collapse"
      >
        <div
          class="mx-auto"
        />
        <a
          class="nav-link"
          href="/about"
        >
          About
        </a>
        <a
          class="nav-link"
          href="/contact"
        >
          Contact
        </a>
      </div>
    </div>
  </nav>
</DocumentFragment>
`;
